../Core/Src/main.c:238:6:Switch_Song	16	static,ignoring_inline_asm
../Core/Src/main.c:248:6:Fill_Audio_Buffer	48	static
../Core/Src/main.c:291:6:HAL_I2S_TxHalfCpltCallback	16	static
../Core/Src/main.c:294:6:HAL_I2S_TxCpltCallback	16	static
../Core/Src/main.c:299:6:Update_LCD_Display	152	static
../Core/Src/main.c:376:6:Update_Volume_Only	40	static
../Core/Src/main.c:387:5:main	16	static
../Core/Src/main.c:523:6:SystemClock_Config	88	static
../Core/Src/main.c:546:13:MX_I2C2_Init	8	static
../Core/Src/main.c:560:13:MX_I2S3_Init	8	static
../Core/Src/main.c:574:13:MX_DMA_Init	16	static
../Core/Src/main.c:581:13:MX_GPIO_Init	56	static
../Core/Src/main.c:614:13:MX_FSMC_Init	40	static
../Core/Src/main.c:646:6:Error_Handler	4	static,ignoring_inline_asm
