../Core/Src/main.c:239:6:Switch_Song	16	static,ignoring_inline_asm
../Core/Src/main.c:249:6:Fill_Audio_Buffer	48	static
../Core/Src/main.c:295:6:HAL_I2S_TxHalfCpltCallback	16	static
../Core/Src/main.c:298:6:HAL_I2S_TxCpltCallback	16	static
../Core/Src/main.c:302:6:HAL_GPIO_EXTI_Callback	24	static
../Core/Src/main.c:338:6:Update_LCD_Display	136	static
../Core/Src/main.c:412:5:main	8	static
../Core/Src/main.c:482:6:SystemClock_Config	88	static
../Core/Src/main.c:505:13:MX_I2C2_Init	8	static
../Core/Src/main.c:519:13:MX_I2S3_Init	8	static
../Core/Src/main.c:533:13:MX_DMA_Init	16	static
../Core/Src/main.c:540:13:MX_GPIO_Init	56	static
../Core/Src/main.c:579:13:MX_FSMC_Init	40	static
../Core/Src/main.c:611:6:Error_Handler	4	static,ignoring_inline_asm
