../Core/Src/stm32f4xx_hal_msp.c:64:6:HAL_MspInit	16	static
../Core/Src/stm32f4xx_hal_msp.c:87:6:HAL_I2C_MspInit	48	static
../Core/Src/stm32f4xx_hal_msp.c:124:6:HAL_I2C_MspDeInit	16	static
../Core/Src/stm32f4xx_hal_msp.c:155:6:HAL_I2S_MspInit	72	static
../Core/Src/stm32f4xx_hal_msp.c:244:6:HAL_I2S_MspDeInit	16	static
../Core/Src/stm32f4xx_hal_msp.c:277:13:HAL_FSMC_MspInit	32	static
../Core/Src/stm32f4xx_hal_msp.c:342:6:HAL_SRAM_MspInit	16	static
../Core/Src/stm32f4xx_hal_msp.c:354:13:HAL_FSMC_MspDeInit	8	static
../Core/Src/stm32f4xx_hal_msp.c:402:6:HAL_SRAM_MspDeInit	16	static
