../Core/Src/stm32f4xx_hal_msp.c:63:6:HAL_MspInit	16	static
../Core/Src/stm32f4xx_hal_msp.c:86:6:HAL_I2C_MspInit	48	static
../Core/Src/stm32f4xx_hal_msp.c:123:6:HAL_I2C_MspDeInit	16	static
../Core/Src/stm32f4xx_hal_msp.c:154:6:HAL_I2S_MspInit	72	static
../Core/Src/stm32f4xx_hal_msp.c:243:6:HAL_I2S_MspDeInit	16	static
../Core/Src/stm32f4xx_hal_msp.c:276:13:HAL_FSMC_MspInit	32	static
../Core/Src/stm32f4xx_hal_msp.c:341:6:HAL_SRAM_MspInit	16	static
../Core/Src/stm32f4xx_hal_msp.c:353:13:HAL_FSMC_MspDeInit	8	static
../Core/Src/stm32f4xx_hal_msp.c:401:6:HAL_SRAM_MspDeInit	16	static
